❯ Building...
✔ Building...
Initial chunk files | Names                |  Raw size
main.js             | main                 |   4.99 kB | 
chunk-VUJOFXKG.js   | -                    | 987 bytes | 
styles.css          | styles               | 705 bytes | 

                    | Initial total        |   6.68 kB

Lazy chunk files    | Names                |  Raw size
chunk-DG7VA36P.js   | sitzplatzwahl        |  36.93 kB | 
chunk-ZGOQXSZH.js   | veranstaltungsliste  |  17.10 kB | 
chunk-GLC4U46S.js   | buchungsdetail       |  15.69 kB | 
chunk-LOOHFUOV.js   | veranstaltungsdetail |  10.96 kB | 
chunk-GWHU3UAP.js   | buchung-abrufen      |   7.19 kB | 
chunk-UEZFPZHI.js   | -                    |   1.49 kB | 
chunk-UYNMARN7.js   | -                    |   1.16 kB | 
chunk-GRBP7XVL.js   | -                    | 418 bytes | 

Application bundle generation complete. [0.749 seconds] - 2026-09-14T20:29:49.395Z

Watch mode enabled. Watching for file changes...
NOTE: Raw file sizes do not reflect development server per-request transformations.
  ➜  Local:   http://localhost:4200/
