[2026-08-13 21:14:07] Kette geplant, hoechstens 2 Laeufe in diesem Durchgang.
[2026-08-13 21:14:07]   A-BMAD-1     init+run
[2026-08-13 21:14:07]   A-SOLO-1     init+run
[2026-08-13 21:14:07]   A-BMAD-2     init+run
[2026-08-13 21:14:07]   A-SOLO-2     init+run
[2026-08-13 21:14:07]   A-BMAD-3     init+run
[2026-08-13 21:14:07]   A-SOLO-3     init+run
[2026-08-13 21:14:07]   B-BMAD-1     init+run
[2026-08-13 21:14:07]   B-SOLO-1     init+run
[2026-08-13 21:14:07]   B-BMAD-2     init+run
[2026-08-13 21:14:07]   B-SOLO-2     init+run
[2026-08-13 21:14:07]   B-BMAD-3     init+run
[2026-08-13 21:14:07]   B-SOLO-3     init+run
[2026-08-13 21:14:07]     $ harness.py dbcheck --config config.messlauf.json
[2026-08-13 21:14:08] === A-BMAD-1 ===  (312.8 GB frei)
[2026-08-13 21:14:08]     $ harness.py init --config config.messlauf.json --run A-BMAD-1
[2026-08-13 21:14:09]     $ harness.py run --config config.messlauf.json --run A-BMAD-1
[2026-08-14 00:32:19] A-BMAD-1: finished=True · Ursache=blocker · Schritte=29 · T1=3.30 h · Warten=0.00 h · Tokens=1,425,134 · 73.73 USD (Schaetzung)
[2026-08-14 00:32:19] A-BMAD-1: Ursache 'blocker' erfordert einen Blick von dir. Kette haelt an.
[2026-08-14 00:32:19] Durchgang beendet, 1 Lauf/Laeufe gestartet. Protokoll: /home/alex/dev/Bachelor/bmad-vergleichsstudie/runs/kette-20260813-2114.log
