<?xml version="1.0" encoding="utf-8"?>
<TestRun id="4da13996-ccc4-4d6f-9717-76729d0fce9b" name="@archlinux 2026-08-31 22:40:13" xmlns="http://microsoft.com/schemas/VisualStudio/TeamTest/2010">
  <Times creation="2026-08-31T22:40:13.0916388+02:00" queuing="2026-08-31T22:40:13.0916388+02:00" start="2026-08-31T22:40:12.0971221+02:00" finish="2026-08-31T22:40:13.4904674+02:00" />
  <TestSettings name="default" id="40c6cc98-cdfc-459c-b2cf-5e947cc5a1b9">
    <Deployment runDeploymentRoot="_archlinux_2026-08-31_22_40_13" />
  </TestSettings>
  <Results>
    <UnitTestResult executionId="eaf7b15c-6a37-4337-b375-5f1cba0a0534" testId="704faf55-4d14-496e-3344-9d68cbc1ac5f" testName="A1Testsuite.Implementierungen.a_bmad_1_Tests.TF_A_F8_1_Preiskategorien" computerName="archlinux" duration="00:00:00.0116389" startTime="2026-08-31T22:40:12.9922361+02:00" endTime="2026-08-31T22:40:13.0039169+02:00" testType="13cdc9d9-ddb5-4fa4-a97d-d965ccfc6d4b" outcome="Passed" testListId="8c84fa94-04c1-424b-9868-57a2d4851a1d" relativeResultsDirectory="eaf7b15c-6a37-4337-b375-5f1cba0a0534" />
    <UnitTestResult executionId="b1f719a7-2dfd-48cd-9c31-09f3aec4d761" testId="71cd8c43-9fb2-1754-8500-037d1e3b7cce" testName="A1Testsuite.Implementierungen.a_bmad_1_Tests.TF_A_F1_1_Veranstaltungsliste_ohne_Filter" computerName="archlinux" duration="00:00:00.1485884" startTime="2026-08-31T22:40:12.6544582+02:00" endTime="2026-08-31T22:40:12.8082040+02:00" testType="13cdc9d9-ddb5-4fa4-a97d-d965ccfc6d4b" outcome="Passed" testListId="8c84fa94-04c1-424b-9868-57a2d4851a1d" relativeResultsDirectory="b1f719a7-2dfd-48cd-9c31-09f3aec4d761" />
    <UnitTestResult executionId="55d00e43-efaf-4ed5-b4d6-dc53d5f6756a" testId="aff14895-8c76-8393-bef9-2a4e5c693bde" testName="A1Testsuite.Implementierungen.a_bmad_1_Tests.TF_A_F5_2_Sitzplan_ohne_Gang" computerName="archlinux" duration="00:00:00.0078654" startTime="2026-08-31T22:40:12.9569030+02:00" endTime="2026-08-31T22:40:12.9647853+02:00" testType="13cdc9d9-ddb5-4fa4-a97d-d965ccfc6d4b" outcome="Passed" testListId="8c84fa94-04c1-424b-9868-57a2d4851a1d" relativeResultsDirectory="55d00e43-efaf-4ed5-b4d6-dc53d5f6756a" />
    <UnitTestResult executionId="e5d09b28-1965-44a9-89a5-2b3d2664f6dd" testId="7c35c0fd-e2b9-86c3-4677-760268053816" testName="A1Testsuite.Implementierungen.a_bmad_1_Tests.TF_A_F9_1_Gesamtpreisberechnung" computerName="archlinux" duration="00:00:00.0077138" startTime="2026-08-31T22:40:12.9489465+02:00" endTime="2026-08-31T22:40:12.9566829+02:00" testType="13cdc9d9-ddb5-4fa4-a97d-d965ccfc6d4b" outcome="Passed" testListId="8c84fa94-04c1-424b-9868-57a2d4851a1d" relativeResultsDirectory="e5d09b28-1965-44a9-89a5-2b3d2664f6dd" />
    <UnitTestResult executionId="572f2ada-c9c4-4600-a5b4-8abf874cb54e" testId="a986df6c-c5d6-26d5-60f7-609cfb2645bf" testName="A1Testsuite.Implementierungen.a_bmad_1_Tests.TF_A_F3_1_Filter_nach_Spielstaette" computerName="archlinux" duration="00:00:00.0487725" startTime="2026-08-31T22:40:12.8118905+02:00" endTime="2026-08-31T22:40:12.8607080+02:00" testType="13cdc9d9-ddb5-4fa4-a97d-d965ccfc6d4b" outcome="Passed" testListId="8c84fa94-04c1-424b-9868-57a2d4851a1d" relativeResultsDirectory="572f2ada-c9c4-4600-a5b4-8abf874cb54e" />
    <UnitTestResult executionId="3a3adc18-5673-43a7-b78c-daf4422f04b4" testId="144408ab-1efa-b8b3-41b3-64dee6eef083" testName="A1Testsuite.Implementierungen.a_bmad_1_Tests.TF_A_F2_1_Filter_nach_Datumsbereich" computerName="archlinux" duration="00:00:00.0393726" startTime="2026-08-31T22:40:13.0046091+02:00" endTime="2026-08-31T22:40:13.0440348+02:00" testType="13cdc9d9-ddb5-4fa4-a97d-d965ccfc6d4b" outcome="Passed" testListId="8c84fa94-04c1-424b-9868-57a2d4851a1d" relativeResultsDirectory="3a3adc18-5673-43a7-b78c-daf4422f04b4" />
    <UnitTestResult executionId="4f2babe1-b2a4-4804-b1ce-06d212ecc029" testId="69c9fa4e-da46-2a68-c549-1b7411039ece" testName="A1Testsuite.Implementierungen.a_bmad_1_Tests.TF_A_F10_1_bis_TF_A_F12_1_Buchung_anlegen_abrufen_stornieren" computerName="archlinux" duration="00:00:00.0968679" startTime="2026-08-31T22:40:13.3466459+02:00" endTime="2026-08-31T22:40:13.4435459+02:00" testType="13cdc9d9-ddb5-4fa4-a97d-d965ccfc6d4b" outcome="Passed" testListId="8c84fa94-04c1-424b-9868-57a2d4851a1d" relativeResultsDirectory="4f2babe1-b2a4-4804-b1ce-06d212ecc029" />
    <UnitTestResult executionId="814e640c-78bd-4c75-af91-6493b8a8d696" testId="95bf4d47-e412-8291-c6a4-3bc86b14ccad" testName="A1Testsuite.Implementierungen.a_bmad_1_Tests.TF_A_F6_1_Belegte_und_freie_Plaetze_sowie_Gang" computerName="archlinux" duration="00:00:00.0090355" startTime="2026-08-31T22:40:12.9828832+02:00" endTime="2026-08-31T22:40:12.9919482+02:00" testType="13cdc9d9-ddb5-4fa4-a97d-d965ccfc6d4b" outcome="Passed" testListId="8c84fa94-04c1-424b-9868-57a2d4851a1d" relativeResultsDirectory="814e640c-78bd-4c75-af91-6493b8a8d696" />
    <UnitTestResult executionId="9c30474b-5b1e-4733-ac27-912badbda203" testId="1f1761ed-1cb5-a7b5-6c81-69e49153cfd8" testName="A1Testsuite.Implementierungen.a_bmad_1_Tests.TF_A_F13_1_Buchung_mit_zwei_freien_Plaetzen_wird_angelegt" computerName="archlinux" duration="00:00:00.1799394" startTime="2026-08-31T22:40:13.1664127+02:00" endTime="2026-08-31T22:40:13.3463803+02:00" testType="13cdc9d9-ddb5-4fa4-a97d-d965ccfc6d4b" outcome="Passed" testListId="8c84fa94-04c1-424b-9868-57a2d4851a1d" relativeResultsDirectory="9c30474b-5b1e-4733-ac27-912badbda203" />
    <UnitTestResult executionId="34f08de3-c42f-4ac3-8558-8e616f468eca" testId="8f576d1e-a8a7-5cee-52f4-77f48320f4e9" testName="A1Testsuite.Implementierungen.a_bmad_1_Tests.TF_A_F7_1_Auswahl_freier_Sitzplaetze" computerName="archlinux" duration="00:00:00.0877602" startTime="2026-08-31T22:40:12.8609549+02:00" endTime="2026-08-31T22:40:12.9487379+02:00" testType="13cdc9d9-ddb5-4fa4-a97d-d965ccfc6d4b" outcome="Passed" testListId="8c84fa94-04c1-424b-9868-57a2d4851a1d" relativeResultsDirectory="34f08de3-c42f-4ac3-8558-8e616f468eca" />
    <UnitTestResult executionId="3515e6b7-4a13-4396-a2aa-f73ac8ec817d" testId="122550b8-ba30-abf0-ce57-a6fbe6c62571" testName="A1Testsuite.Implementierungen.a_bmad_1_Tests.TF_A_F13_2_Ablehnung_bei_bereits_belegtem_Platz" computerName="archlinux" duration="00:00:00.1062463" startTime="2026-08-31T22:40:13.0597153+02:00" endTime="2026-08-31T22:40:13.1659974+02:00" testType="13cdc9d9-ddb5-4fa4-a97d-d965ccfc6d4b" outcome="Passed" testListId="8c84fa94-04c1-424b-9868-57a2d4851a1d" relativeResultsDirectory="3515e6b7-4a13-4396-a2aa-f73ac8ec817d" />
    <UnitTestResult executionId="d28b0cf5-e4c1-4a69-afda-701595bada1d" testId="d19952fd-e496-0a95-834c-068a0265ae55" testName="A1Testsuite.Implementierungen.a_bmad_1_Tests.TF_A_F5_1_Sitzplan_mit_beidseitigen_Seitengaengen" computerName="archlinux" duration="00:00:00.0145904" startTime="2026-08-31T22:40:13.0448449+02:00" endTime="2026-08-31T22:40:13.0594738+02:00" testType="13cdc9d9-ddb5-4fa4-a97d-d965ccfc6d4b" outcome="Passed" testListId="8c84fa94-04c1-424b-9868-57a2d4851a1d" relativeResultsDirectory="d28b0cf5-e4c1-4a69-afda-701595bada1d" />
    <UnitTestResult executionId="9ef2cb0c-565a-4ad4-aa90-89cfa106daae" testId="0d6237fb-0987-739b-96ed-5e011222d6e8" testName="A1Testsuite.Implementierungen.a_bmad_1_Tests.TF_A_F4_1_Detailansicht" computerName="archlinux" duration="00:00:00.0174728" startTime="2026-08-31T22:40:12.9650008+02:00" endTime="2026-08-31T22:40:12.9824978+02:00" testType="13cdc9d9-ddb5-4fa4-a97d-d965ccfc6d4b" outcome="Passed" testListId="8c84fa94-04c1-424b-9868-57a2d4851a1d" relativeResultsDirectory="9ef2cb0c-565a-4ad4-aa90-89cfa106daae" />
  </Results>
  <TestDefinitions>
    <UnitTest name="A1Testsuite.Implementierungen.a_bmad_1_Tests.TF_A_F5_2_Sitzplan_ohne_Gang" storage="/home/alex/dev/bachelor/bmad-vergleichsstudie/a1-testsuite/xunit-project/bin/debug/net10.0/xunit-project.dll" id="aff14895-8c76-8393-bef9-2a4e5c693bde">
      <Execution id="55d00e43-efaf-4ed5-b4d6-dc53d5f6756a" />
      <TestMethod codeBase="/home/alex/dev/Bachelor/bmad-vergleichsstudie/a1-testsuite/xunit-project/bin/Debug/net10.0/xunit-project.dll" adapterTypeName="executor://xunit/VsTestRunner3/netcore/" className="A1Testsuite.Implementierungen.a_bmad_1_Tests" name="TF_A_F5_2_Sitzplan_ohne_Gang" />
    </UnitTest>
    <UnitTest name="A1Testsuite.Implementierungen.a_bmad_1_Tests.TF_A_F13_2_Ablehnung_bei_bereits_belegtem_Platz" storage="/home/alex/dev/bachelor/bmad-vergleichsstudie/a1-testsuite/xunit-project/bin/debug/net10.0/xunit-project.dll" id="122550b8-ba30-abf0-ce57-a6fbe6c62571">
      <Execution id="3515e6b7-4a13-4396-a2aa-f73ac8ec817d" />
      <TestMethod codeBase="/home/alex/dev/Bachelor/bmad-vergleichsstudie/a1-testsuite/xunit-project/bin/Debug/net10.0/xunit-project.dll" adapterTypeName="executor://xunit/VsTestRunner3/netcore/" className="A1Testsuite.Implementierungen.a_bmad_1_Tests" name="TF_A_F13_2_Ablehnung_bei_bereits_belegtem_Platz" />
    </UnitTest>
    <UnitTest name="A1Testsuite.Implementierungen.a_bmad_1_Tests.TF_A_F1_1_Veranstaltungsliste_ohne_Filter" storage="/home/alex/dev/bachelor/bmad-vergleichsstudie/a1-testsuite/xunit-project/bin/debug/net10.0/xunit-project.dll" id="71cd8c43-9fb2-1754-8500-037d1e3b7cce">
      <Execution id="b1f719a7-2dfd-48cd-9c31-09f3aec4d761" />
      <TestMethod codeBase="/home/alex/dev/Bachelor/bmad-vergleichsstudie/a1-testsuite/xunit-project/bin/Debug/net10.0/xunit-project.dll" adapterTypeName="executor://xunit/VsTestRunner3/netcore/" className="A1Testsuite.Implementierungen.a_bmad_1_Tests" name="TF_A_F1_1_Veranstaltungsliste_ohne_Filter" />
    </UnitTest>
    <UnitTest name="A1Testsuite.Implementierungen.a_bmad_1_Tests.TF_A_F7_1_Auswahl_freier_Sitzplaetze" storage="/home/alex/dev/bachelor/bmad-vergleichsstudie/a1-testsuite/xunit-project/bin/debug/net10.0/xunit-project.dll" id="8f576d1e-a8a7-5cee-52f4-77f48320f4e9">
      <Execution id="34f08de3-c42f-4ac3-8558-8e616f468eca" />
      <TestMethod codeBase="/home/alex/dev/Bachelor/bmad-vergleichsstudie/a1-testsuite/xunit-project/bin/Debug/net10.0/xunit-project.dll" adapterTypeName="executor://xunit/VsTestRunner3/netcore/" className="A1Testsuite.Implementierungen.a_bmad_1_Tests" name="TF_A_F7_1_Auswahl_freier_Sitzplaetze" />
    </UnitTest>
    <UnitTest name="A1Testsuite.Implementierungen.a_bmad_1_Tests.TF_A_F6_1_Belegte_und_freie_Plaetze_sowie_Gang" storage="/home/alex/dev/bachelor/bmad-vergleichsstudie/a1-testsuite/xunit-project/bin/debug/net10.0/xunit-project.dll" id="95bf4d47-e412-8291-c6a4-3bc86b14ccad">
      <Execution id="814e640c-78bd-4c75-af91-6493b8a8d696" />
      <TestMethod codeBase="/home/alex/dev/Bachelor/bmad-vergleichsstudie/a1-testsuite/xunit-project/bin/Debug/net10.0/xunit-project.dll" adapterTypeName="executor://xunit/VsTestRunner3/netcore/" className="A1Testsuite.Implementierungen.a_bmad_1_Tests" name="TF_A_F6_1_Belegte_und_freie_Plaetze_sowie_Gang" />
    </UnitTest>
    <UnitTest name="A1Testsuite.Implementierungen.a_bmad_1_Tests.TF_A_F8_1_Preiskategorien" storage="/home/alex/dev/bachelor/bmad-vergleichsstudie/a1-testsuite/xunit-project/bin/debug/net10.0/xunit-project.dll" id="704faf55-4d14-496e-3344-9d68cbc1ac5f">
      <Execution id="eaf7b15c-6a37-4337-b375-5f1cba0a0534" />
      <TestMethod codeBase="/home/alex/dev/Bachelor/bmad-vergleichsstudie/a1-testsuite/xunit-project/bin/Debug/net10.0/xunit-project.dll" adapterTypeName="executor://xunit/VsTestRunner3/netcore/" className="A1Testsuite.Implementierungen.a_bmad_1_Tests" name="TF_A_F8_1_Preiskategorien" />
    </UnitTest>
    <UnitTest name="A1Testsuite.Implementierungen.a_bmad_1_Tests.TF_A_F10_1_bis_TF_A_F12_1_Buchung_anlegen_abrufen_stornieren" storage="/home/alex/dev/bachelor/bmad-vergleichsstudie/a1-testsuite/xunit-project/bin/debug/net10.0/xunit-project.dll" id="69c9fa4e-da46-2a68-c549-1b7411039ece">
      <Execution id="4f2babe1-b2a4-4804-b1ce-06d212ecc029" />
      <TestMethod codeBase="/home/alex/dev/Bachelor/bmad-vergleichsstudie/a1-testsuite/xunit-project/bin/Debug/net10.0/xunit-project.dll" adapterTypeName="executor://xunit/VsTestRunner3/netcore/" className="A1Testsuite.Implementierungen.a_bmad_1_Tests" name="TF_A_F10_1_bis_TF_A_F12_1_Buchung_anlegen_abrufen_stornieren" />
    </UnitTest>
    <UnitTest name="A1Testsuite.Implementierungen.a_bmad_1_Tests.TF_A_F5_1_Sitzplan_mit_beidseitigen_Seitengaengen" storage="/home/alex/dev/bachelor/bmad-vergleichsstudie/a1-testsuite/xunit-project/bin/debug/net10.0/xunit-project.dll" id="d19952fd-e496-0a95-834c-068a0265ae55">
      <Execution id="d28b0cf5-e4c1-4a69-afda-701595bada1d" />
      <TestMethod codeBase="/home/alex/dev/Bachelor/bmad-vergleichsstudie/a1-testsuite/xunit-project/bin/Debug/net10.0/xunit-project.dll" adapterTypeName="executor://xunit/VsTestRunner3/netcore/" className="A1Testsuite.Implementierungen.a_bmad_1_Tests" name="TF_A_F5_1_Sitzplan_mit_beidseitigen_Seitengaengen" />
    </UnitTest>
    <UnitTest name="A1Testsuite.Implementierungen.a_bmad_1_Tests.TF_A_F4_1_Detailansicht" storage="/home/alex/dev/bachelor/bmad-vergleichsstudie/a1-testsuite/xunit-project/bin/debug/net10.0/xunit-project.dll" id="0d6237fb-0987-739b-96ed-5e011222d6e8">
      <Execution id="9ef2cb0c-565a-4ad4-aa90-89cfa106daae" />
      <TestMethod codeBase="/home/alex/dev/Bachelor/bmad-vergleichsstudie/a1-testsuite/xunit-project/bin/Debug/net10.0/xunit-project.dll" adapterTypeName="executor://xunit/VsTestRunner3/netcore/" className="A1Testsuite.Implementierungen.a_bmad_1_Tests" name="TF_A_F4_1_Detailansicht" />
    </UnitTest>
    <UnitTest name="A1Testsuite.Implementierungen.a_bmad_1_Tests.TF_A_F9_1_Gesamtpreisberechnung" storage="/home/alex/dev/bachelor/bmad-vergleichsstudie/a1-testsuite/xunit-project/bin/debug/net10.0/xunit-project.dll" id="7c35c0fd-e2b9-86c3-4677-760268053816">
      <Execution id="e5d09b28-1965-44a9-89a5-2b3d2664f6dd" />
      <TestMethod codeBase="/home/alex/dev/Bachelor/bmad-vergleichsstudie/a1-testsuite/xunit-project/bin/Debug/net10.0/xunit-project.dll" adapterTypeName="executor://xunit/VsTestRunner3/netcore/" className="A1Testsuite.Implementierungen.a_bmad_1_Tests" name="TF_A_F9_1_Gesamtpreisberechnung" />
    </UnitTest>
    <UnitTest name="A1Testsuite.Implementierungen.a_bmad_1_Tests.TF_A_F3_1_Filter_nach_Spielstaette" storage="/home/alex/dev/bachelor/bmad-vergleichsstudie/a1-testsuite/xunit-project/bin/debug/net10.0/xunit-project.dll" id="a986df6c-c5d6-26d5-60f7-609cfb2645bf">
      <Execution id="572f2ada-c9c4-4600-a5b4-8abf874cb54e" />
      <TestMethod codeBase="/home/alex/dev/Bachelor/bmad-vergleichsstudie/a1-testsuite/xunit-project/bin/Debug/net10.0/xunit-project.dll" adapterTypeName="executor://xunit/VsTestRunner3/netcore/" className="A1Testsuite.Implementierungen.a_bmad_1_Tests" name="TF_A_F3_1_Filter_nach_Spielstaette" />
    </UnitTest>
    <UnitTest name="A1Testsuite.Implementierungen.a_bmad_1_Tests.TF_A_F2_1_Filter_nach_Datumsbereich" storage="/home/alex/dev/bachelor/bmad-vergleichsstudie/a1-testsuite/xunit-project/bin/debug/net10.0/xunit-project.dll" id="144408ab-1efa-b8b3-41b3-64dee6eef083">
      <Execution id="3a3adc18-5673-43a7-b78c-daf4422f04b4" />
      <TestMethod codeBase="/home/alex/dev/Bachelor/bmad-vergleichsstudie/a1-testsuite/xunit-project/bin/Debug/net10.0/xunit-project.dll" adapterTypeName="executor://xunit/VsTestRunner3/netcore/" className="A1Testsuite.Implementierungen.a_bmad_1_Tests" name="TF_A_F2_1_Filter_nach_Datumsbereich" />
    </UnitTest>
    <UnitTest name="A1Testsuite.Implementierungen.a_bmad_1_Tests.TF_A_F13_1_Buchung_mit_zwei_freien_Plaetzen_wird_angelegt" storage="/home/alex/dev/bachelor/bmad-vergleichsstudie/a1-testsuite/xunit-project/bin/debug/net10.0/xunit-project.dll" id="1f1761ed-1cb5-a7b5-6c81-69e49153cfd8">
      <Execution id="9c30474b-5b1e-4733-ac27-912badbda203" />
      <TestMethod codeBase="/home/alex/dev/Bachelor/bmad-vergleichsstudie/a1-testsuite/xunit-project/bin/Debug/net10.0/xunit-project.dll" adapterTypeName="executor://xunit/VsTestRunner3/netcore/" className="A1Testsuite.Implementierungen.a_bmad_1_Tests" name="TF_A_F13_1_Buchung_mit_zwei_freien_Plaetzen_wird_angelegt" />
    </UnitTest>
  </TestDefinitions>
  <TestEntries>
    <TestEntry testId="704faf55-4d14-496e-3344-9d68cbc1ac5f" executionId="eaf7b15c-6a37-4337-b375-5f1cba0a0534" testListId="8c84fa94-04c1-424b-9868-57a2d4851a1d" />
    <TestEntry testId="71cd8c43-9fb2-1754-8500-037d1e3b7cce" executionId="b1f719a7-2dfd-48cd-9c31-09f3aec4d761" testListId="8c84fa94-04c1-424b-9868-57a2d4851a1d" />
    <TestEntry testId="aff14895-8c76-8393-bef9-2a4e5c693bde" executionId="55d00e43-efaf-4ed5-b4d6-dc53d5f6756a" testListId="8c84fa94-04c1-424b-9868-57a2d4851a1d" />
    <TestEntry testId="7c35c0fd-e2b9-86c3-4677-760268053816" executionId="e5d09b28-1965-44a9-89a5-2b3d2664f6dd" testListId="8c84fa94-04c1-424b-9868-57a2d4851a1d" />
    <TestEntry testId="a986df6c-c5d6-26d5-60f7-609cfb2645bf" executionId="572f2ada-c9c4-4600-a5b4-8abf874cb54e" testListId="8c84fa94-04c1-424b-9868-57a2d4851a1d" />
    <TestEntry testId="144408ab-1efa-b8b3-41b3-64dee6eef083" executionId="3a3adc18-5673-43a7-b78c-daf4422f04b4" testListId="8c84fa94-04c1-424b-9868-57a2d4851a1d" />
    <TestEntry testId="69c9fa4e-da46-2a68-c549-1b7411039ece" executionId="4f2babe1-b2a4-4804-b1ce-06d212ecc029" testListId="8c84fa94-04c1-424b-9868-57a2d4851a1d" />
    <TestEntry testId="95bf4d47-e412-8291-c6a4-3bc86b14ccad" executionId="814e640c-78bd-4c75-af91-6493b8a8d696" testListId="8c84fa94-04c1-424b-9868-57a2d4851a1d" />
    <TestEntry testId="1f1761ed-1cb5-a7b5-6c81-69e49153cfd8" executionId="9c30474b-5b1e-4733-ac27-912badbda203" testListId="8c84fa94-04c1-424b-9868-57a2d4851a1d" />
    <TestEntry testId="8f576d1e-a8a7-5cee-52f4-77f48320f4e9" executionId="34f08de3-c42f-4ac3-8558-8e616f468eca" testListId="8c84fa94-04c1-424b-9868-57a2d4851a1d" />
    <TestEntry testId="122550b8-ba30-abf0-ce57-a6fbe6c62571" executionId="3515e6b7-4a13-4396-a2aa-f73ac8ec817d" testListId="8c84fa94-04c1-424b-9868-57a2d4851a1d" />
    <TestEntry testId="d19952fd-e496-0a95-834c-068a0265ae55" executionId="d28b0cf5-e4c1-4a69-afda-701595bada1d" testListId="8c84fa94-04c1-424b-9868-57a2d4851a1d" />
    <TestEntry testId="0d6237fb-0987-739b-96ed-5e011222d6e8" executionId="9ef2cb0c-565a-4ad4-aa90-89cfa106daae" testListId="8c84fa94-04c1-424b-9868-57a2d4851a1d" />
  </TestEntries>
  <TestLists>
    <TestList name="Results Not in a List" id="8c84fa94-04c1-424b-9868-57a2d4851a1d" />
    <TestList name="All Loaded Results" id="19431567-8539-422a-85d7-44ee4e166bda" />
  </TestLists>
  <ResultSummary outcome="Completed">
    <Counters total="13" executed="13" passed="13" failed="0" error="0" timeout="0" aborted="0" inconclusive="0" passedButRunAborted="0" notRunnable="0" notExecuted="0" disconnected="0" warning="0" completed="0" inProgress="0" pending="0" />
    <Output>
      <StdOut>[xUnit.net 00:00:00.00] xUnit.net VSTest Adapter v3.1.5+1b188a7b0a (64-bit .NET 10.0.11)
[xUnit.net 00:00:00.09]   Discovering: xunit-project
[xUnit.net 00:00:00.21]   Discovered:  xunit-project
[xUnit.net 00:00:00.30]   Starting:    xunit-project
[xUnit.net 00:00:01.12]   Finished:    xunit-project (ID = '330f316446b6846cebb4bbd40aeeffc0d3c832fa1513aa6723e5d8647986172a')
</StdOut>
    </Output>
  </ResultSummary>
</TestRun>