<?xml version="1.0" encoding="utf-8"?>
<TestRun id="401af12e-a498-4fe3-9375-0f2ddb28b157" name="@archlinux 2026-08-31 22:56:42" xmlns="http://microsoft.com/schemas/VisualStudio/TeamTest/2010">
  <Times creation="2026-08-31T22:56:42.3266652+02:00" queuing="2026-08-31T22:56:42.3266652+02:00" start="2026-08-31T22:56:41.0722992+02:00" finish="2026-08-31T22:56:42.4640207+02:00" />
  <TestSettings name="default" id="a920e339-1405-44b5-be62-78a90f56b10b">
    <Deployment runDeploymentRoot="_archlinux_2026-08-31_22_56_42" />
  </TestSettings>
  <Results>
    <UnitTestResult executionId="6b2a91be-6c60-422d-bff9-5964462ea730" testId="f2c9505e-6654-dbb4-3b91-c8fc292b6780" testName="A1Testsuite.Implementierungen.a_bmad_3_Tests.TF_A_F8_1_Preiskategorien" computerName="archlinux" duration="00:00:00.0073495" startTime="2026-08-31T22:56:42.2780623+02:00" endTime="2026-08-31T22:56:42.2854794+02:00" testType="13cdc9d9-ddb5-4fa4-a97d-d965ccfc6d4b" outcome="Passed" testListId="8c84fa94-04c1-424b-9868-57a2d4851a1d" relativeResultsDirectory="6b2a91be-6c60-422d-bff9-5964462ea730" />
    <UnitTestResult executionId="a1e229d6-ff7a-406c-8ae3-84fccb5d94d7" testId="6a8ac7f5-cb43-24b8-b0f9-9fee2e9c9266" testName="A1Testsuite.Implementierungen.a_bmad_3_Tests.TF_A_F9_1_Gesamtpreisberechnung" computerName="archlinux" duration="00:00:00.0114352" startTime="2026-08-31T22:56:42.2392911+02:00" endTime="2026-08-31T22:56:42.2507739+02:00" testType="13cdc9d9-ddb5-4fa4-a97d-d965ccfc6d4b" outcome="Passed" testListId="8c84fa94-04c1-424b-9868-57a2d4851a1d" relativeResultsDirectory="a1e229d6-ff7a-406c-8ae3-84fccb5d94d7" />
    <UnitTestResult executionId="942fab22-0b30-40ff-b251-2365da4ab348" testId="21735e9b-ec0f-8ec7-2186-6eb91641ec21" testName="A1Testsuite.Implementierungen.a_bmad_3_Tests.TF_A_F5_1_Sitzplan_mit_beidseitigen_Seitengaengen" computerName="archlinux" duration="00:00:00.3016353" startTime="2026-08-31T22:56:41.6267179+02:00" endTime="2026-08-31T22:56:41.9336629+02:00" testType="13cdc9d9-ddb5-4fa4-a97d-d965ccfc6d4b" outcome="Passed" testListId="8c84fa94-04c1-424b-9868-57a2d4851a1d" relativeResultsDirectory="942fab22-0b30-40ff-b251-2365da4ab348" />
    <UnitTestResult executionId="8486b564-a8ef-479a-97ad-b8c213a4b2b3" testId="8e557760-c022-d733-58bc-04d2063348b5" testName="A1Testsuite.Implementierungen.a_bmad_3_Tests.TF_A_F4_1_Detailansicht" computerName="archlinux" duration="00:00:00.0045630" startTime="2026-08-31T22:56:42.2950676+02:00" endTime="2026-08-31T22:56:42.2996554+02:00" testType="13cdc9d9-ddb5-4fa4-a97d-d965ccfc6d4b" outcome="Passed" testListId="8c84fa94-04c1-424b-9868-57a2d4851a1d" relativeResultsDirectory="8486b564-a8ef-479a-97ad-b8c213a4b2b3" />
    <UnitTestResult executionId="480d9f8e-72b8-4189-8ef4-a5a5a4ab84d1" testId="cdeac9f9-5fdf-c5b0-d828-c0e95278c9b4" testName="A1Testsuite.Implementierungen.a_bmad_3_Tests.TF_A_F13_2_Ablehnung_bei_bereits_belegtem_Platz" computerName="archlinux" duration="00:00:00.2231398" startTime="2026-08-31T22:56:41.9536592+02:00" endTime="2026-08-31T22:56:42.1857994+02:00" testType="13cdc9d9-ddb5-4fa4-a97d-d965ccfc6d4b" outcome="Failed" testListId="8c84fa94-04c1-424b-9868-57a2d4851a1d" relativeResultsDirectory="480d9f8e-72b8-4189-8ef4-a5a5a4ab84d1">
      <Output>
        <ErrorInfo>
          <Message>Assert.Throws() Failure: No exception was thrown
Expected: typeof(A1Testsuite.Treiber.BuchungAbgelehntException)</Message>
          <StackTrace>   at A1Testsuite.Basisklassen.ProjektATestsBase.TF_A_F13_2_Ablehnung_bei_bereits_belegtem_Platz() in /home/alex/dev/Bachelor/bmad-vergleichsstudie/a1-testsuite/xunit-project/Basisklassen/ProjektATestsBase.cs:line 270
--- End of stack trace from previous location ---</StackTrace>
        </ErrorInfo>
      </Output>
    </UnitTestResult>
    <UnitTestResult executionId="7f310d38-a164-4d2d-9709-af93cfb8e44f" testId="afdea038-f924-b3f9-d18c-6212dec0dcb9" testName="A1Testsuite.Implementierungen.a_bmad_3_Tests.TF_A_F1_1_Veranstaltungsliste_ohne_Filter" computerName="archlinux" duration="00:00:00.0035069" startTime="2026-08-31T22:56:41.9498590+02:00" endTime="2026-08-31T22:56:41.9533994+02:00" testType="13cdc9d9-ddb5-4fa4-a97d-d965ccfc6d4b" outcome="Passed" testListId="8c84fa94-04c1-424b-9868-57a2d4851a1d" relativeResultsDirectory="7f310d38-a164-4d2d-9709-af93cfb8e44f" />
    <UnitTestResult executionId="9d7e9471-0e9e-4642-88a4-037bcc985865" testId="95ade8cd-cecd-0fde-31fd-26ec2d01af5d" testName="A1Testsuite.Implementierungen.a_bmad_3_Tests.TF_A_F5_2_Sitzplan_ohne_Gang" computerName="archlinux" duration="00:00:00.0083555" startTime="2026-08-31T22:56:42.2864367+02:00" endTime="2026-08-31T22:56:42.2948451+02:00" testType="13cdc9d9-ddb5-4fa4-a97d-d965ccfc6d4b" outcome="Passed" testListId="8c84fa94-04c1-424b-9868-57a2d4851a1d" relativeResultsDirectory="9d7e9471-0e9e-4642-88a4-037bcc985865" />
    <UnitTestResult executionId="430689c6-b7de-409d-bed2-0074a26c1c0d" testId="f08d91d3-afb9-54b1-b2e8-dc13a6c90b57" testName="A1Testsuite.Implementierungen.a_bmad_3_Tests.TF_A_F2_1_Filter_nach_Datumsbereich" computerName="archlinux" duration="00:00:00.0153639" startTime="2026-08-31T22:56:42.1861891+02:00" endTime="2026-08-31T22:56:42.2015900+02:00" testType="13cdc9d9-ddb5-4fa4-a97d-d965ccfc6d4b" outcome="Passed" testListId="8c84fa94-04c1-424b-9868-57a2d4851a1d" relativeResultsDirectory="430689c6-b7de-409d-bed2-0074a26c1c0d" />
    <UnitTestResult executionId="188975b7-6219-4233-b3e2-e098ff4dd908" testId="8ccac15b-680b-182b-dc1a-648c264b68af" testName="A1Testsuite.Implementierungen.a_bmad_3_Tests.TF_A_F3_1_Filter_nach_Spielstaette" computerName="archlinux" duration="00:00:00.0120759" startTime="2026-08-31T22:56:41.9374318+02:00" endTime="2026-08-31T22:56:41.9495645+02:00" testType="13cdc9d9-ddb5-4fa4-a97d-d965ccfc6d4b" outcome="Passed" testListId="8c84fa94-04c1-424b-9868-57a2d4851a1d" relativeResultsDirectory="188975b7-6219-4233-b3e2-e098ff4dd908" />
    <UnitTestResult executionId="5694c2fc-0118-4889-8fb5-a0c2755f5af9" testId="d591f6a3-7c52-2d5a-700d-5c7e978a1eb3" testName="A1Testsuite.Implementierungen.a_bmad_3_Tests.TF_A_F10_1_bis_TF_A_F12_1_Buchung_anlegen_abrufen_stornieren" computerName="archlinux" duration="00:00:00.0986214" startTime="2026-08-31T22:56:42.3000788+02:00" endTime="2026-08-31T22:56:42.3987702+02:00" testType="13cdc9d9-ddb5-4fa4-a97d-d965ccfc6d4b" outcome="Passed" testListId="8c84fa94-04c1-424b-9868-57a2d4851a1d" relativeResultsDirectory="5694c2fc-0118-4889-8fb5-a0c2755f5af9" />
    <UnitTestResult executionId="0ed0d00c-39ef-4a84-a821-869e0a845a74" testId="66eb01aa-4229-4829-b8d5-1354f601d3d9" testName="A1Testsuite.Implementierungen.a_bmad_3_Tests.TF_A_F6_1_Belegte_und_freie_Plaetze_sowie_Gang" computerName="archlinux" duration="00:00:00.0161560" startTime="2026-08-31T22:56:42.2608753+02:00" endTime="2026-08-31T22:56:42.2776070+02:00" testType="13cdc9d9-ddb5-4fa4-a97d-d965ccfc6d4b" outcome="Failed" testListId="8c84fa94-04c1-424b-9868-57a2d4851a1d" relativeResultsDirectory="0ed0d00c-39ef-4a84-a821-869e0a845a74">
      <Output>
        <ErrorInfo>
          <Message>Assert.Equal() Failure: Values differ
Expected: Frei
Actual:   Belegt</Message>
          <StackTrace>   at A1Testsuite.Basisklassen.ProjektATestsBase.TF_A_F6_1_Belegte_und_freie_Plaetze_sowie_Gang() in /home/alex/dev/Bachelor/bmad-vergleichsstudie/a1-testsuite/xunit-project/Basisklassen/ProjektATestsBase.cs:line 153
--- End of stack trace from previous location ---</StackTrace>
        </ErrorInfo>
      </Output>
    </UnitTestResult>
    <UnitTestResult executionId="0bf34a2e-5155-497a-b50f-1d16d8d3a3e1" testId="985254a8-ee40-f425-344d-d200e98a30b5" testName="A1Testsuite.Implementierungen.a_bmad_3_Tests.TF_A_F13_1_Buchung_mit_zwei_freien_Plaetzen_wird_angelegt" computerName="archlinux" duration="00:00:00.0368539" startTime="2026-08-31T22:56:42.2019220+02:00" endTime="2026-08-31T22:56:42.2388267+02:00" testType="13cdc9d9-ddb5-4fa4-a97d-d965ccfc6d4b" outcome="Passed" testListId="8c84fa94-04c1-424b-9868-57a2d4851a1d" relativeResultsDirectory="0bf34a2e-5155-497a-b50f-1d16d8d3a3e1" />
    <UnitTestResult executionId="01638d17-97f7-4c77-b09e-b54c245f397d" testId="901255a3-b685-c588-5185-a6e1fb96977d" testName="A1Testsuite.Implementierungen.a_bmad_3_Tests.TF_A_F7_1_Auswahl_freier_Sitzplaetze" computerName="archlinux" duration="00:00:00.0090295" startTime="2026-08-31T22:56:42.2511692+02:00" endTime="2026-08-31T22:56:42.2602506+02:00" testType="13cdc9d9-ddb5-4fa4-a97d-d965ccfc6d4b" outcome="Passed" testListId="8c84fa94-04c1-424b-9868-57a2d4851a1d" relativeResultsDirectory="01638d17-97f7-4c77-b09e-b54c245f397d" />
  </Results>
  <TestDefinitions>
    <UnitTest name="A1Testsuite.Implementierungen.a_bmad_3_Tests.TF_A_F9_1_Gesamtpreisberechnung" storage="/home/alex/dev/bachelor/bmad-vergleichsstudie/a1-testsuite/xunit-project/bin/debug/net10.0/xunit-project.dll" id="6a8ac7f5-cb43-24b8-b0f9-9fee2e9c9266">
      <Execution id="a1e229d6-ff7a-406c-8ae3-84fccb5d94d7" />
      <TestMethod codeBase="/home/alex/dev/Bachelor/bmad-vergleichsstudie/a1-testsuite/xunit-project/bin/Debug/net10.0/xunit-project.dll" adapterTypeName="executor://xunit/VsTestRunner3/netcore/" className="A1Testsuite.Implementierungen.a_bmad_3_Tests" name="TF_A_F9_1_Gesamtpreisberechnung" />
    </UnitTest>
    <UnitTest name="A1Testsuite.Implementierungen.a_bmad_3_Tests.TF_A_F13_2_Ablehnung_bei_bereits_belegtem_Platz" storage="/home/alex/dev/bachelor/bmad-vergleichsstudie/a1-testsuite/xunit-project/bin/debug/net10.0/xunit-project.dll" id="cdeac9f9-5fdf-c5b0-d828-c0e95278c9b4">
      <Execution id="480d9f8e-72b8-4189-8ef4-a5a5a4ab84d1" />
      <TestMethod codeBase="/home/alex/dev/Bachelor/bmad-vergleichsstudie/a1-testsuite/xunit-project/bin/Debug/net10.0/xunit-project.dll" adapterTypeName="executor://xunit/VsTestRunner3/netcore/" className="A1Testsuite.Implementierungen.a_bmad_3_Tests" name="TF_A_F13_2_Ablehnung_bei_bereits_belegtem_Platz" />
    </UnitTest>
    <UnitTest name="A1Testsuite.Implementierungen.a_bmad_3_Tests.TF_A_F2_1_Filter_nach_Datumsbereich" storage="/home/alex/dev/bachelor/bmad-vergleichsstudie/a1-testsuite/xunit-project/bin/debug/net10.0/xunit-project.dll" id="f08d91d3-afb9-54b1-b2e8-dc13a6c90b57">
      <Execution id="430689c6-b7de-409d-bed2-0074a26c1c0d" />
      <TestMethod codeBase="/home/alex/dev/Bachelor/bmad-vergleichsstudie/a1-testsuite/xunit-project/bin/Debug/net10.0/xunit-project.dll" adapterTypeName="executor://xunit/VsTestRunner3/netcore/" className="A1Testsuite.Implementierungen.a_bmad_3_Tests" name="TF_A_F2_1_Filter_nach_Datumsbereich" />
    </UnitTest>
    <UnitTest name="A1Testsuite.Implementierungen.a_bmad_3_Tests.TF_A_F5_2_Sitzplan_ohne_Gang" storage="/home/alex/dev/bachelor/bmad-vergleichsstudie/a1-testsuite/xunit-project/bin/debug/net10.0/xunit-project.dll" id="95ade8cd-cecd-0fde-31fd-26ec2d01af5d">
      <Execution id="9d7e9471-0e9e-4642-88a4-037bcc985865" />
      <TestMethod codeBase="/home/alex/dev/Bachelor/bmad-vergleichsstudie/a1-testsuite/xunit-project/bin/Debug/net10.0/xunit-project.dll" adapterTypeName="executor://xunit/VsTestRunner3/netcore/" className="A1Testsuite.Implementierungen.a_bmad_3_Tests" name="TF_A_F5_2_Sitzplan_ohne_Gang" />
    </UnitTest>
    <UnitTest name="A1Testsuite.Implementierungen.a_bmad_3_Tests.TF_A_F5_1_Sitzplan_mit_beidseitigen_Seitengaengen" storage="/home/alex/dev/bachelor/bmad-vergleichsstudie/a1-testsuite/xunit-project/bin/debug/net10.0/xunit-project.dll" id="21735e9b-ec0f-8ec7-2186-6eb91641ec21">
      <Execution id="942fab22-0b30-40ff-b251-2365da4ab348" />
      <TestMethod codeBase="/home/alex/dev/Bachelor/bmad-vergleichsstudie/a1-testsuite/xunit-project/bin/Debug/net10.0/xunit-project.dll" adapterTypeName="executor://xunit/VsTestRunner3/netcore/" className="A1Testsuite.Implementierungen.a_bmad_3_Tests" name="TF_A_F5_1_Sitzplan_mit_beidseitigen_Seitengaengen" />
    </UnitTest>
    <UnitTest name="A1Testsuite.Implementierungen.a_bmad_3_Tests.TF_A_F10_1_bis_TF_A_F12_1_Buchung_anlegen_abrufen_stornieren" storage="/home/alex/dev/bachelor/bmad-vergleichsstudie/a1-testsuite/xunit-project/bin/debug/net10.0/xunit-project.dll" id="d591f6a3-7c52-2d5a-700d-5c7e978a1eb3">
      <Execution id="5694c2fc-0118-4889-8fb5-a0c2755f5af9" />
      <TestMethod codeBase="/home/alex/dev/Bachelor/bmad-vergleichsstudie/a1-testsuite/xunit-project/bin/Debug/net10.0/xunit-project.dll" adapterTypeName="executor://xunit/VsTestRunner3/netcore/" className="A1Testsuite.Implementierungen.a_bmad_3_Tests" name="TF_A_F10_1_bis_TF_A_F12_1_Buchung_anlegen_abrufen_stornieren" />
    </UnitTest>
    <UnitTest name="A1Testsuite.Implementierungen.a_bmad_3_Tests.TF_A_F4_1_Detailansicht" storage="/home/alex/dev/bachelor/bmad-vergleichsstudie/a1-testsuite/xunit-project/bin/debug/net10.0/xunit-project.dll" id="8e557760-c022-d733-58bc-04d2063348b5">
      <Execution id="8486b564-a8ef-479a-97ad-b8c213a4b2b3" />
      <TestMethod codeBase="/home/alex/dev/Bachelor/bmad-vergleichsstudie/a1-testsuite/xunit-project/bin/Debug/net10.0/xunit-project.dll" adapterTypeName="executor://xunit/VsTestRunner3/netcore/" className="A1Testsuite.Implementierungen.a_bmad_3_Tests" name="TF_A_F4_1_Detailansicht" />
    </UnitTest>
    <UnitTest name="A1Testsuite.Implementierungen.a_bmad_3_Tests.TF_A_F8_1_Preiskategorien" storage="/home/alex/dev/bachelor/bmad-vergleichsstudie/a1-testsuite/xunit-project/bin/debug/net10.0/xunit-project.dll" id="f2c9505e-6654-dbb4-3b91-c8fc292b6780">
      <Execution id="6b2a91be-6c60-422d-bff9-5964462ea730" />
      <TestMethod codeBase="/home/alex/dev/Bachelor/bmad-vergleichsstudie/a1-testsuite/xunit-project/bin/Debug/net10.0/xunit-project.dll" adapterTypeName="executor://xunit/VsTestRunner3/netcore/" className="A1Testsuite.Implementierungen.a_bmad_3_Tests" name="TF_A_F8_1_Preiskategorien" />
    </UnitTest>
    <UnitTest name="A1Testsuite.Implementierungen.a_bmad_3_Tests.TF_A_F7_1_Auswahl_freier_Sitzplaetze" storage="/home/alex/dev/bachelor/bmad-vergleichsstudie/a1-testsuite/xunit-project/bin/debug/net10.0/xunit-project.dll" id="901255a3-b685-c588-5185-a6e1fb96977d">
      <Execution id="01638d17-97f7-4c77-b09e-b54c245f397d" />
      <TestMethod codeBase="/home/alex/dev/Bachelor/bmad-vergleichsstudie/a1-testsuite/xunit-project/bin/Debug/net10.0/xunit-project.dll" adapterTypeName="executor://xunit/VsTestRunner3/netcore/" className="A1Testsuite.Implementierungen.a_bmad_3_Tests" name="TF_A_F7_1_Auswahl_freier_Sitzplaetze" />
    </UnitTest>
    <UnitTest name="A1Testsuite.Implementierungen.a_bmad_3_Tests.TF_A_F13_1_Buchung_mit_zwei_freien_Plaetzen_wird_angelegt" storage="/home/alex/dev/bachelor/bmad-vergleichsstudie/a1-testsuite/xunit-project/bin/debug/net10.0/xunit-project.dll" id="985254a8-ee40-f425-344d-d200e98a30b5">
      <Execution id="0bf34a2e-5155-497a-b50f-1d16d8d3a3e1" />
      <TestMethod codeBase="/home/alex/dev/Bachelor/bmad-vergleichsstudie/a1-testsuite/xunit-project/bin/Debug/net10.0/xunit-project.dll" adapterTypeName="executor://xunit/VsTestRunner3/netcore/" className="A1Testsuite.Implementierungen.a_bmad_3_Tests" name="TF_A_F13_1_Buchung_mit_zwei_freien_Plaetzen_wird_angelegt" />
    </UnitTest>
    <UnitTest name="A1Testsuite.Implementierungen.a_bmad_3_Tests.TF_A_F6_1_Belegte_und_freie_Plaetze_sowie_Gang" storage="/home/alex/dev/bachelor/bmad-vergleichsstudie/a1-testsuite/xunit-project/bin/debug/net10.0/xunit-project.dll" id="66eb01aa-4229-4829-b8d5-1354f601d3d9">
      <Execution id="0ed0d00c-39ef-4a84-a821-869e0a845a74" />
      <TestMethod codeBase="/home/alex/dev/Bachelor/bmad-vergleichsstudie/a1-testsuite/xunit-project/bin/Debug/net10.0/xunit-project.dll" adapterTypeName="executor://xunit/VsTestRunner3/netcore/" className="A1Testsuite.Implementierungen.a_bmad_3_Tests" name="TF_A_F6_1_Belegte_und_freie_Plaetze_sowie_Gang" />
    </UnitTest>
    <UnitTest name="A1Testsuite.Implementierungen.a_bmad_3_Tests.TF_A_F3_1_Filter_nach_Spielstaette" storage="/home/alex/dev/bachelor/bmad-vergleichsstudie/a1-testsuite/xunit-project/bin/debug/net10.0/xunit-project.dll" id="8ccac15b-680b-182b-dc1a-648c264b68af">
      <Execution id="188975b7-6219-4233-b3e2-e098ff4dd908" />
      <TestMethod codeBase="/home/alex/dev/Bachelor/bmad-vergleichsstudie/a1-testsuite/xunit-project/bin/Debug/net10.0/xunit-project.dll" adapterTypeName="executor://xunit/VsTestRunner3/netcore/" className="A1Testsuite.Implementierungen.a_bmad_3_Tests" name="TF_A_F3_1_Filter_nach_Spielstaette" />
    </UnitTest>
    <UnitTest name="A1Testsuite.Implementierungen.a_bmad_3_Tests.TF_A_F1_1_Veranstaltungsliste_ohne_Filter" storage="/home/alex/dev/bachelor/bmad-vergleichsstudie/a1-testsuite/xunit-project/bin/debug/net10.0/xunit-project.dll" id="afdea038-f924-b3f9-d18c-6212dec0dcb9">
      <Execution id="7f310d38-a164-4d2d-9709-af93cfb8e44f" />
      <TestMethod codeBase="/home/alex/dev/Bachelor/bmad-vergleichsstudie/a1-testsuite/xunit-project/bin/Debug/net10.0/xunit-project.dll" adapterTypeName="executor://xunit/VsTestRunner3/netcore/" className="A1Testsuite.Implementierungen.a_bmad_3_Tests" name="TF_A_F1_1_Veranstaltungsliste_ohne_Filter" />
    </UnitTest>
  </TestDefinitions>
  <TestEntries>
    <TestEntry testId="f2c9505e-6654-dbb4-3b91-c8fc292b6780" executionId="6b2a91be-6c60-422d-bff9-5964462ea730" testListId="8c84fa94-04c1-424b-9868-57a2d4851a1d" />
    <TestEntry testId="6a8ac7f5-cb43-24b8-b0f9-9fee2e9c9266" executionId="a1e229d6-ff7a-406c-8ae3-84fccb5d94d7" testListId="8c84fa94-04c1-424b-9868-57a2d4851a1d" />
    <TestEntry testId="21735e9b-ec0f-8ec7-2186-6eb91641ec21" executionId="942fab22-0b30-40ff-b251-2365da4ab348" testListId="8c84fa94-04c1-424b-9868-57a2d4851a1d" />
    <TestEntry testId="8e557760-c022-d733-58bc-04d2063348b5" executionId="8486b564-a8ef-479a-97ad-b8c213a4b2b3" testListId="8c84fa94-04c1-424b-9868-57a2d4851a1d" />
    <TestEntry testId="cdeac9f9-5fdf-c5b0-d828-c0e95278c9b4" executionId="480d9f8e-72b8-4189-8ef4-a5a5a4ab84d1" testListId="8c84fa94-04c1-424b-9868-57a2d4851a1d" />
    <TestEntry testId="afdea038-f924-b3f9-d18c-6212dec0dcb9" executionId="7f310d38-a164-4d2d-9709-af93cfb8e44f" testListId="8c84fa94-04c1-424b-9868-57a2d4851a1d" />
    <TestEntry testId="95ade8cd-cecd-0fde-31fd-26ec2d01af5d" executionId="9d7e9471-0e9e-4642-88a4-037bcc985865" testListId="8c84fa94-04c1-424b-9868-57a2d4851a1d" />
    <TestEntry testId="f08d91d3-afb9-54b1-b2e8-dc13a6c90b57" executionId="430689c6-b7de-409d-bed2-0074a26c1c0d" testListId="8c84fa94-04c1-424b-9868-57a2d4851a1d" />
    <TestEntry testId="8ccac15b-680b-182b-dc1a-648c264b68af" executionId="188975b7-6219-4233-b3e2-e098ff4dd908" testListId="8c84fa94-04c1-424b-9868-57a2d4851a1d" />
    <TestEntry testId="d591f6a3-7c52-2d5a-700d-5c7e978a1eb3" executionId="5694c2fc-0118-4889-8fb5-a0c2755f5af9" testListId="8c84fa94-04c1-424b-9868-57a2d4851a1d" />
    <TestEntry testId="66eb01aa-4229-4829-b8d5-1354f601d3d9" executionId="0ed0d00c-39ef-4a84-a821-869e0a845a74" testListId="8c84fa94-04c1-424b-9868-57a2d4851a1d" />
    <TestEntry testId="985254a8-ee40-f425-344d-d200e98a30b5" executionId="0bf34a2e-5155-497a-b50f-1d16d8d3a3e1" testListId="8c84fa94-04c1-424b-9868-57a2d4851a1d" />
    <TestEntry testId="901255a3-b685-c588-5185-a6e1fb96977d" executionId="01638d17-97f7-4c77-b09e-b54c245f397d" testListId="8c84fa94-04c1-424b-9868-57a2d4851a1d" />
  </TestEntries>
  <TestLists>
    <TestList name="Results Not in a List" id="8c84fa94-04c1-424b-9868-57a2d4851a1d" />
    <TestList name="All Loaded Results" id="19431567-8539-422a-85d7-44ee4e166bda" />
  </TestLists>
  <ResultSummary outcome="Failed">
    <Counters total="13" executed="13" passed="11" failed="2" error="0" timeout="0" aborted="0" inconclusive="0" passedButRunAborted="0" notRunnable="0" notExecuted="0" disconnected="0" warning="0" completed="0" inProgress="0" pending="0" />
    <Output>
      <StdOut>[xUnit.net 00:00:00.00] xUnit.net VSTest Adapter v3.1.5+1b188a7b0a (64-bit .NET 10.0.11)
[xUnit.net 00:00:00.09]   Discovering: xunit-project
[xUnit.net 00:00:00.21]   Discovered:  xunit-project
[xUnit.net 00:00:00.30]   Starting:    xunit-project
[xUnit.net 00:00:00.89]       Assert.Throws() Failure: No exception was thrown
[xUnit.net 00:00:00.89]       Expected: typeof(A1Testsuite.Treiber.BuchungAbgelehntException)
[xUnit.net 00:00:00.89]       Stack Trace:
[xUnit.net 00:00:00.89]         /home/alex/dev/Bachelor/bmad-vergleichsstudie/a1-testsuite/xunit-project/Basisklassen/ProjektATestsBase.cs(270,0): at A1Testsuite.Basisklassen.ProjektATestsBase.TF_A_F13_2_Ablehnung_bei_bereits_belegtem_Platz()
[xUnit.net 00:00:00.89]         --- End of stack trace from previous location ---
[xUnit.net 00:00:00.98]       Assert.Equal() Failure: Values differ
[xUnit.net 00:00:00.98]       Expected: Frei
[xUnit.net 00:00:00.98]       Actual:   Belegt
[xUnit.net 00:00:00.98]       Stack Trace:
[xUnit.net 00:00:00.98]         /home/alex/dev/Bachelor/bmad-vergleichsstudie/a1-testsuite/xunit-project/Basisklassen/ProjektATestsBase.cs(153,0): at A1Testsuite.Basisklassen.ProjektATestsBase.TF_A_F6_1_Belegte_und_freie_Plaetze_sowie_Gang()
[xUnit.net 00:00:00.98]         --- End of stack trace from previous location ---
[xUnit.net 00:00:01.12]   Finished:    xunit-project (ID = '330f316446b6846cebb4bbd40aeeffc0d3c832fa1513aa6723e5d8647986172a')
</StdOut>
    </Output>
    <RunInfos>
      <RunInfo computerName="archlinux" outcome="Error" timestamp="2026-08-31T22:56:42.1893858+02:00">
        <Text>[xUnit.net 00:00:00.89]     A1Testsuite.Implementierungen.a_bmad_3_Tests.TF_A_F13_2_Ablehnung_bei_bereits_belegtem_Platz [FAIL]</Text>
      </RunInfo>
      <RunInfo computerName="archlinux" outcome="Error" timestamp="2026-08-31T22:56:42.2785967+02:00">
        <Text>[xUnit.net 00:00:00.98]     A1Testsuite.Implementierungen.a_bmad_3_Tests.TF_A_F6_1_Belegte_und_freie_Plaetze_sowie_Gang [FAIL]</Text>
      </RunInfo>
    </RunInfos>
  </ResultSummary>
</TestRun>