❯ Building...
✔ Building...
Initial chunk files | Names                 |  Raw size
main.js             | main                  |   5.96 kB | 
styles.css          | styles                |   3.06 kB | 
chunk-VUJOFXKG.js   | -                     | 987 bytes | 

                    | Initial total         |  10.01 kB

Lazy chunk files    | Names                 |  Raw size
chunk-CLSC5VW3.js   | sitzplatzauswahl      |  35.05 kB | 
chunk-QD3K5K2P.js   | buchung-anzeige       |  18.62 kB | 
chunk-FI7T36WW.js   | veranstaltungen-liste |  16.13 kB | 
chunk-RTDFWPUM.js   | veranstaltung-detail  |  13.42 kB | 
chunk-HASQRUKT.js   | buchung-suche         |   5.01 kB | 
chunk-MCBIVKJO.js   | -                     |   1.64 kB | 
chunk-5P72AKOZ.js   | -                     |   1.18 kB | 

Application bundle generation complete. [1.056 seconds] - 2026-09-14T19:56:19.635Z

Watch mode enabled. Watching for file changes...
NOTE: Raw file sizes do not reflect development server per-request transformations.
9:56:19 PM [vite] (client) Re-optimizing dependencies because vite config has changed
  ➜  Local:   http://localhost:4200/
fatal error: all goroutines are asleep - deadlock!

goroutine 1 [chan receive]:
github.com/evanw/esbuild/internal/helpers.(*ThreadSafeWaitGroup).Wait(...)
	github.com/evanw/esbuild/internal/helpers/waitgroup.go:36
main.runService.func2()
	github.com/evanw/esbuild/cmd/esbuild/service.go:114 +0x53
main.runService(0x1)
	github.com/evanw/esbuild/cmd/esbuild/service.go:160 +0x637
main.main()
	github.com/evanw/esbuild/cmd/esbuild/main.go:252 +0xb16

goroutine 19 [chan receive]:
main.runService.func1()
	github.com/evanw/esbuild/cmd/esbuild/service.go:98 +0x45
created by main.runService in goroutine 1
	github.com/evanw/esbuild/cmd/esbuild/service.go:97 +0x1ce

goroutine 20 [chan receive]:
main.(*serviceType).sendRequest(0x2aaa1bb10ff0, {0xa10be0, 0x2aaa1bf85ec0})
	github.com/evanw/esbuild/cmd/esbuild/service.go:192 +0x12b
main.runService.func3()
	github.com/evanw/esbuild/cmd/esbuild/service.go:125 +0x3e
created by main.runService in goroutine 1
	github.com/evanw/esbuild/cmd/esbuild/service.go:122 +0x2c7
