/home/alex/dev/Bachelor/bmad-vergleichsstudie/runs/B/solo/03/code/seed-b-backend.Api/seed-b-backend.Api.csproj : warning NU1903: Package 'Microsoft.OpenApi' 2.0.0 has a known high severity vulnerability, https://github.com/advisories/GHSA-v5pm-xwqc-g5wc
/home/alex/dev/Bachelor/bmad-vergleichsstudie/runs/B/solo/03/code/seed-b-backend.Api/seed-b-backend.Api.csproj : warning NU1903: Package 'Microsoft.OpenApi' 2.0.0 has a known high severity vulnerability, https://github.com/advisories/GHSA-v5pm-xwqc-g5wc
info: Microsoft.EntityFrameworkCore.Database.Command[20101]
      Executed DbCommand (16ms) [Parameters=[], CommandType='Text', CommandTimeout='30']
      SELECT 1
info: Microsoft.EntityFrameworkCore.Migrations[20411]
      Acquiring an exclusive lock for migration application. See https://aka.ms/efcore-docs-migrations-lock for more information if this takes too long.
info: Microsoft.EntityFrameworkCore.Database.Command[20101]
      Executed DbCommand (17ms) [Parameters=[], CommandType='Text', CommandTimeout='30']
      DECLARE @result int;
      EXEC @result = sp_getapplock @Resource = '__EFMigrationsLock', @LockOwner = 'Session', @LockMode = 'Exclusive';
      SELECT @result
info: Microsoft.EntityFrameworkCore.Database.Command[20101]
      Executed DbCommand (1ms) [Parameters=[], CommandType='Text', CommandTimeout='30']
      IF OBJECT_ID(N'[__EFMigrationsHistory]') IS NULL
      BEGIN
          CREATE TABLE [__EFMigrationsHistory] (
              [MigrationId] nvarchar(150) NOT NULL,
              [ProductVersion] nvarchar(32) NOT NULL,
              CONSTRAINT [PK___EFMigrationsHistory] PRIMARY KEY ([MigrationId])
          );
      END;
info: Microsoft.EntityFrameworkCore.Database.Command[20101]
      Executed DbCommand (1ms) [Parameters=[], CommandType='Text', CommandTimeout='30']
      SELECT 1
info: Microsoft.EntityFrameworkCore.Database.Command[20101]
      Executed DbCommand (0ms) [Parameters=[], CommandType='Text', CommandTimeout='30']
      SELECT OBJECT_ID(N'[__EFMigrationsHistory]');
info: Microsoft.EntityFrameworkCore.Database.Command[20101]
      Executed DbCommand (4ms) [Parameters=[], CommandType='Text', CommandTimeout='30']
      SELECT [MigrationId], [ProductVersion]
      FROM [__EFMigrationsHistory]
      ORDER BY [MigrationId];
info: Microsoft.EntityFrameworkCore.Migrations[20405]
      No migrations were applied. The database is already up to date.
info: Microsoft.EntityFrameworkCore.Database.Command[20101]
      Executed DbCommand (1ms) [Parameters=[], CommandType='Text', CommandTimeout='30']
      DECLARE @result int;
      EXEC @result = sp_releaseapplock @Resource = '__EFMigrationsLock', @LockOwner = 'Session';
      SELECT @result
info: Microsoft.EntityFrameworkCore.Database.Command[20101]
      Executed DbCommand (5ms) [Parameters=[], CommandType='Text', CommandTimeout='30']
      SELECT CASE
          WHEN EXISTS (
              SELECT 1
              FROM [Categories] AS [c]) THEN CAST(1 AS bit)
          ELSE CAST(0 AS bit)
      END
info: Microsoft.Hosting.Lifetime[14]
      Now listening on: http://localhost:5039
info: Microsoft.Hosting.Lifetime[0]
      Application started. Press Ctrl+C to shut down.
info: Microsoft.Hosting.Lifetime[0]
      Hosting environment: Development
info: Microsoft.Hosting.Lifetime[0]
      Content root path: /home/alex/dev/Bachelor/bmad-vergleichsstudie/runs/B/solo/03/code/seed-b-backend.Api
info: Microsoft.EntityFrameworkCore.Database.Command[20101]
      Executed DbCommand (5ms) [Parameters=[], CommandType='Text', CommandTimeout='30']
      SELECT COUNT(*)
      FROM [Products] AS [p]
info: Microsoft.EntityFrameworkCore.Database.Command[20101]
      Executed DbCommand (4ms) [Parameters=[], CommandType='Text', CommandTimeout='30']
      SELECT [c].[Id], [c].[Name], [s].[Id], [s].[CategoryId], [s].[Name], [s].[PropertyNames]
      FROM [Categories] AS [c]
      LEFT JOIN [SubCategories] AS [s] ON [c].[Id] = [s].[CategoryId]
      ORDER BY [c].[Name], [c].[Id]
info: Microsoft.EntityFrameworkCore.Database.Command[20101]
      Executed DbCommand (9ms) [Parameters=[@p='?' (DbType = Int32), @p1='?' (DbType = Int32)], CommandType='Text', CommandTimeout='30']
      SELECT [p0].[Id], [p0].[Description], [p0].[Name], [p0].[SubCategoryId], [p0].[ViewCount], [s].[Id], [s].[CategoryId], [s].[Name], [s].[PropertyNames], [c].[Id], [c].[Name]
      FROM (
          SELECT [p].[Id], [p].[Description], [p].[Name], [p].[SubCategoryId], [p].[ViewCount]
          FROM [Products] AS [p]
          ORDER BY [p].[Name]
          OFFSET @p ROWS FETCH NEXT @p1 ROWS ONLY
      ) AS [p0]
      INNER JOIN [SubCategories] AS [s] ON [p0].[SubCategoryId] = [s].[Id]
      INNER JOIN [Categories] AS [c] ON [s].[CategoryId] = [c].[Id]
      ORDER BY [p0].[Name], [p0].[Id], [s].[Id], [c].[Id]
info: Microsoft.EntityFrameworkCore.Database.Command[20101]
      Executed DbCommand (4ms) [Parameters=[@p='?' (DbType = Int32), @p1='?' (DbType = Int32)], CommandType='Text', CommandTimeout='30']
      SELECT [o].[Id], [o].[Price], [o].[ProductId], [o].[SupplierId], [p0].[Id], [s].[Id], [c].[Id]
      FROM (
          SELECT [p].[Id], [p].[Name], [p].[SubCategoryId]
          FROM [Products] AS [p]
          ORDER BY [p].[Name]
          OFFSET @p ROWS FETCH NEXT @p1 ROWS ONLY
      ) AS [p0]
      INNER JOIN [SubCategories] AS [s] ON [p0].[SubCategoryId] = [s].[Id]
      INNER JOIN [Categories] AS [c] ON [s].[CategoryId] = [c].[Id]
      INNER JOIN [Offers] AS [o] ON [p0].[Id] = [o].[ProductId]
      ORDER BY [p0].[Name], [p0].[Id], [s].[Id], [c].[Id]
info: Microsoft.EntityFrameworkCore.Database.Command[20101]
      Executed DbCommand (6ms) [Parameters=[@p='?' (DbType = Int32), @p1='?' (DbType = Int32)], CommandType='Text', CommandTimeout='30']
      SELECT [r].[Id], [r].[AuthorName], [r].[CreatedAt], [r].[ProductId], [r].[Stars], [p0].[Id], [s].[Id], [c].[Id]
      FROM (
          SELECT [p].[Id], [p].[Name], [p].[SubCategoryId]
          FROM [Products] AS [p]
          ORDER BY [p].[Name]
          OFFSET @p ROWS FETCH NEXT @p1 ROWS ONLY
      ) AS [p0]
      INNER JOIN [SubCategories] AS [s] ON [p0].[SubCategoryId] = [s].[Id]
      INNER JOIN [Categories] AS [c] ON [s].[CategoryId] = [c].[Id]
      INNER JOIN [Ratings] AS [r] ON [p0].[Id] = [r].[ProductId]
      ORDER BY [p0].[Name], [p0].[Id], [s].[Id], [c].[Id]
info: Microsoft.Hosting.Lifetime[0]
      Application is shutting down...
