❯ Building...
✔ Building...
Initial chunk files | Names                        |  Raw size
main.js             | main                         |   6.81 kB | 
styles.css          | styles                       |   2.89 kB | 
chunk-LCWYO63Y.js   | -                            |   2.84 kB | 
chunk-VUJOFXKG.js   | -                            | 987 bytes | 

                    | Initial total                |  13.54 kB

Lazy chunk files    | Names                        |  Raw size
chunk-W5ZRRPKB.js   | product-list-component       |  30.43 kB | 
chunk-HKD25FTU.js   | product-detail-component     |  28.23 kB | 
chunk-NKG7ZDZ3.js   | checkout-component           |  18.50 kB | 
chunk-XTANU73Y.js   | order-confirmation-component |  12.59 kB | 
chunk-WYOR66TQ.js   | cart-component               |  11.15 kB | 
chunk-GEETKC4D.js   | -                            |   1.85 kB | 
chunk-DCHL56JA.js   | -                            |   1.02 kB | 

Application bundle generation complete. [1.044 seconds] - 2026-09-14T19:57:34.488Z

Watch mode enabled. Watching for file changes...
NOTE: Raw file sizes do not reflect development server per-request transformations.
9:57:34 PM [vite] (client) Re-optimizing dependencies because vite config has changed
  ➜  Local:   http://localhost:4200/
fatal error: all goroutines are asleep - deadlock!

goroutine 1 [chan receive]:
github.com/evanw/esbuild/internal/helpers.(*ThreadSafeWaitGroup).Wait(...)
	github.com/evanw/esbuild/internal/helpers/waitgroup.go:36
main.runService.func2()
	github.com/evanw/esbuild/cmd/esbuild/service.go:114 +0x53
main.runService(0x1)
	github.com/evanw/esbuild/cmd/esbuild/service.go:160 +0x637
main.main()
	github.com/evanw/esbuild/cmd/esbuild/main.go:252 +0xb16

goroutine 19 [chan receive]:
main.runService.func1()
	github.com/evanw/esbuild/cmd/esbuild/service.go:98 +0x45
created by main.runService in goroutine 1
	github.com/evanw/esbuild/cmd/esbuild/service.go:97 +0x1ce

goroutine 20 [chan receive]:
main.(*serviceType).sendRequest(0x18c4de610ff0, {0xa10be0, 0x18c4ded725a0})
	github.com/evanw/esbuild/cmd/esbuild/service.go:192 +0x12b
main.runService.func3()
	github.com/evanw/esbuild/cmd/esbuild/service.go:125 +0x3e
created by main.runService in goroutine 1
	github.com/evanw/esbuild/cmd/esbuild/service.go:122 +0x2c7
